// Jest Snapshot v1, https://goo.gl/fbAQLP

exports[`<TextareaField/> should render correctly 1`] = `
<div>
  <div
    class="sc-bdvvtL eukWAO"
  >
    <textarea
      class="sc-gsDKAQ coeeJH"
      rows="5"
    />
  </div>
</div>
`;
